--- Starting NetworkState Verification ---
Updating state with TOWER_A and TOWER_B...
Retrieving TOWER_A: {'cell_id': 'TOWER_A', 'utilization': 0.45, 'timestamp': 1}
Retrieving TOWER_C (non-existent): None
All Cells: {'TOWER_A': {'cell_id': 'TOWER_A', 'utilization': 0.45, 'timestamp': 1}, 'TOWER_B': {'cell_id': 'TOWER_B', 'utilization': 0.1, 'timestamp': 1}}
Overwriting TOWER_A with new snapshot...
New TOWER_A state: {'cell_id': 'TOWER_A', 'utilization': 0.99, 'timestamp': 2}

--- Testing Analytics ---
Average Utilization: 0.5450
Most Congested Cell: TOWER_A (0.99)
Is Network Congested (Threshold 0.5): True

Testing with empty state...
Empty Average: 0.0
Empty Most Congested: None
--- NetworkState Verification Complete ---
